
> mas-creator-admin@0.1.0 serve F:\springboot32e20828n\springboot32e20828n\src\main\resources\admin
> vue-cli-service serve

 INFO  Starting development server...
 DONE  Compiled successfully in 26985ms21:44:33


  App running at:
  - Local:   http://localhost:8081/ 
  - Network: http://10.2.0.2:8081/

  Note that the development build is not optimized.
  To create a production build, run npm run build.

 WAIT  Compiling...21:44:33

 DONE  Compiled successfully in 2607ms21:44:36


  App running at:
  - Local:   http://localhost:8081/ 
  - Network: http://10.2.0.2:8081/

Proxy error: Could not proxy request /config/info?name=bLoginBackgroundImg from localhost:8081 to http://localhost:8080/springboot32e20828n/.
See https://nodejs.org/api/errors.html#errors_common_system_errors for more information (ECONNREFUSED).

Proxy error: Could not proxy request /menu/list?page=1&limit=1&sort=id from localhost:8081 to http://localhost:8080/springboot32e20828n/.
See https://nodejs.org/api/errors.html#errors_common_system_errors for more information (ECONNREFUSED).

Proxy error: Could not proxy request /config/info?name=bLoginBackgroundImg from localhost:8081 to http://localhost:8080/springboot32e20828n/.
See https://nodejs.org/api/errors.html#errors_common_system_errors for more information (ECONNREFUSED).

Proxy error: Could not proxy request /menu/list?page=1&limit=1&sort=id from localhost:8081 to http://localhost:8080/springboot32e20828n/.
See https://nodejs.org/api/errors.html#errors_common_system_errors for more information (ECONNREFUSED).

Proxy error: Could not proxy request /config/info?name=bLoginBackgroundImg from localhost:8081 to http://localhost:8080/springboot32e20828n/.
See https://nodejs.org/api/errors.html#errors_common_system_errors for more information (ECONNREFUSED).

Proxy error: Could not proxy request /menu/list?page=1&limit=1&sort=id from localhost:8081 to http://localhost:8080/springboot32e20828n/.
See https://nodejs.org/api/errors.html#errors_common_system_errors for more information (ECONNREFUSED).

Proxy error: Could not proxy request /config/info?name=bLoginBackgroundImg from localhost:8081 to http://localhost:8080/springboot32e20828n/.
See https://nodejs.org/api/errors.html#errors_common_system_errors for more information (ECONNREFUSED).

Proxy error: Could not proxy request /menu/list?page=1&limit=1&sort=id from localhost:8081 to http://localhost:8080/springboot32e20828n/.
See https://nodejs.org/api/errors.html#errors_common_system_errors for more information (ECONNREFUSED).

